// Jest Snapshot v1, https://goo.gl/fbAQLP

exports[`@modal panel checks * modal panel render with props / children checking 1`] = `
<View
  style={
    Object {
      "flex": 1,
    }
  }
>
  <View>
    <Text>
      Modal Panel Test
    </Text>
  </View>
</View>
`;

exports[`@modal panel checks * modal panel renders properly 1`] = `
<View
  style={
    Object {
      "flex": 1,
    }
  }
>
  <View>
    <Text>
      Modal Panel Test
    </Text>
  </View>
</View>
`;
